// Jest Snapshot v1, https://goo.gl/fbAQLP

exports[`Test <Next arrow component <Next /> renders without breaking 1`] = `
<div
  className="next-arrow"
>
  <img
    alt="next"
    src="arrow.svg"
  />
</div>
`;
